// Jest Snapshot v1, https://goo.gl/fbAQLP

exports[`Pruebas del componente GifGrid Debe renderizar correctamente el componente <GifGrid /> 1`] = `
<Fragment>
  <h3
    className="animate__animated animate__fadeIn"
  />
  <p
    className="animate__animated animate__flash"
  >
    Loading...
  </p>
  <div
    className="card-grid"
  />
</Fragment>
`;
